loadcore_IMPORTS_start
loadcore_IMPORTS_end

intrman_IMPORTS_start
I_CpuSuspendIntr
I_CpuResumeIntr
intrman_IMPORTS_end

sifman_IMPORTS_start
I_sceSifSetDma
I_sceSifDmaStat
sifman_IMPORTS_end

sysclib_IMPORTS_start
I_strncmp
I_strtoul
I_memset
I_memcpy
sysclib_IMPORTS_end

stdio_IMPORTS_start
I_printf
stdio_IMPORTS_end

thbase_IMPORTS_start
I_CreateThread
I_StartThread
I_DelayThread
thbase_IMPORTS_end

libsd_IMPORTS_start
I_sceSdInit
I_sceSdVoiceTrans
I_sceSdVoiceTransStatus
I_sceSdBlockTrans
I_sceSdSetTransIntrHandler
libsd_IMPORTS_end

thsemap_IMPORTS_start
I_CreateSema
I_SignalSema
I_iSignalSema
I_WaitSema
thsemap_IMPORTS_end

cdvdman_IMPORTS_start
I_sceCdRead
I_sceCdSync
cdvdman_IMPORTS_end
